falsefalsefalsefalsefalsefalsefalse-10 -10 -10 -10 -10